../Core/Src/led.c:28:6:button0_led_all_on_off_toggle	8	static
../Core/Src/led.c:47:6:button0_toggle	56	static
../Core/Src/led.c:73:6:led_bar_up	8	static
../Core/Src/led.c:89:6:led_main	8	static
../Core/Src/led.c:178:6:led_all_on	8	static
../Core/Src/led.c:195:6:led_all_off	8	static
../Core/Src/led.c:212:6:flower_on	8	static
../Core/Src/led.c:240:6:flower_off	8	static
../Core/Src/led.c:268:6:led_keepon_up	8	static
../Core/Src/led.c:292:6:led_keepon_down	8	static
../Core/Src/led.c:316:6:led_on_up	8	static
../Core/Src/led.c:342:6:led_on_down	8	static
