../Core/Src/main.c:122:6:HAL_SYSTICK_Handler	4	static
../Core/Src/main.c:141:1:__io_putchar	16	static
../Core/Src/main.c:155:6:HAL_TIM_PeriodElapsedCallback	16	static
../Core/Src/main.c:164:6:delay_us	16	static
../Core/Src/main.c:176:5:main	8	static
../Core/Src/main.c:252:6:SystemClock_Config	88	static
../Core/Src/main.c:299:13:MX_ETH_Init	8	static
../Core/Src/main.c:348:13:MX_I2C1_Init	8	static
../Core/Src/main.c:396:13:MX_RTC_Init	32	static
../Core/Src/main.c:459:13:MX_TIM2_Init	48	static
../Core/Src/main.c:508:13:MX_TIM3_Init	32	static
../Core/Src/main.c:556:13:MX_TIM4_Init	64	static
../Core/Src/main.c:615:13:MX_TIM5_Init	64	static
../Core/Src/main.c:674:13:MX_TIM10_Init	8	static
../Core/Src/main.c:705:13:MX_TIM11_Init	8	static
../Core/Src/main.c:736:13:MX_USART3_UART_Init	8	static
../Core/Src/main.c:769:13:MX_USB_OTG_FS_PCD_Init	8	static
../Core/Src/main.c:804:13:MX_GPIO_Init	64	static
../Core/Src/main.c:929:6:Error_Handler	4	static,ignoring_inline_asm
